// Jest Snapshot v1, https://goo.gl/fbAQLP

exports[`test NavigationLink by snapshot 1`] = `
<div>
  <NavLink
    activeClassName="is-active"
    ariaCurrent="true"
    exact={true}
    to="/"
  >
    Dashborad
  </NavLink>
  <NavLink
    activeClassName="is-active"
    ariaCurrent="true"
    to="/create"
  >
    Add Expense
  </NavLink>
</div>
`;
