// Jest Snapshot v1, https://goo.gl/fbAQLP

exports[`should render the ExpenseList with [] 1`] = `
<div>
  <h3>
    Expense List
  </h3>
  <div>
    No Expenses
  </div>
</div>
`;

exports[`should render the ExpenseList with expenses 1`] = `
<div>
  <h3>
    Expense List
  </h3>
  <div>
    <ExpenseListItems
      amount={195}
      createdAt={0}
      description="Gum"
      id="1"
      key="1"
      notes=""
    />
    <ExpenseListItems
      amount={109500}
      createdAt={-345600000}
      description="Rent"
      id="2"
      key="2"
      notes=""
    />
    <ExpenseListItems
      amount={4500}
      createdAt={345600000}
      description="Credit Card"
      id="3"
      key="3"
      notes=""
    />
  </div>
</div>
`;
